you hurt and lie a tell gonna Never goodbye say gonna Never cry you make gonna Never you desert and around run gonna Never down you let gonna Never up you give gonna Never 